// Jest Snapshot v1, https://goo.gl/fbAQLP

exports[`<MultiCheckSelect /> should render 1`] = `undefined`;
