// Jest Snapshot v1, https://goo.gl/fbAQLP

exports[`<PieChart /> should render 1`] = `undefined`;
